{"level":"info","message":"🚀 Server running in development mode on port 5000","service":"payment-gateway","timestamp":"2026-02-26 13:51:52"}
{"level":"info","message":"📚 API Docs available at http://localhost:5000/api/docs","service":"payment-gateway","timestamp":"2026-02-26 13:51:52"}
{"level":"info","message":"MongoDB Connected: ac-sh9snzj-shard-00-00.1upoidh.mongodb.net","service":"payment-gateway","timestamp":"2026-02-26 13:51:54"}
{"level":"info","message":"User logged in: admin@paygateway.io","service":"payment-gateway","timestamp":"2026-02-26 13:56:16"}
{"level":"info","message":"User logged in: user@paygateway.io","service":"payment-gateway","timestamp":"2026-02-26 13:57:10"}
{"ip":"::1","level":"error","message":"Validation failed: cardDetails.number: Invalid value, cardDetails.number: Valid card number is required for card payments, cardDetails.expiryMonth: Invalid value, cardDetails.expiryMonth: Valid expiry month required, cardDetails.expiryYear: Invalid value, cardDetails.expiryYear: Valid expiry year required, cardDetails.cvv: Invalid value, cardDetails.cvv: Invalid value, cardDetails.cvv: Valid CVV required","method":"POST","path":"/api/payments","service":"payment-gateway","stack":"Error: Validation failed: cardDetails.number: Invalid value, cardDetails.number: Valid card number is required for card payments, cardDetails.expiryMonth: Invalid value, cardDetails.expiryMonth: Valid expiry month required, cardDetails.expiryYear: Invalid value, cardDetails.expiryYear: Valid expiry year required, cardDetails.cvv: Invalid value, cardDetails.cvv: Invalid value, cardDetails.cvv: Valid CVV required\n    at exports.validate (C:\\Users\\anura\\Downloads\\payment-gateway-clone\\backend\\middlewares\\validators.js:9:17)\n    at newFn (C:\\Users\\anura\\Downloads\\payment-gateway-clone\\backend\\node_modules\\express-async-errors\\index.js:16:20)\n    at Layer.handle [as handle_request] (C:\\Users\\anura\\Downloads\\payment-gateway-clone\\backend\\node_modules\\express\\lib\\router\\layer.js:95:5)\n    at next (C:\\Users\\anura\\Downloads\\payment-gateway-clone\\backend\\node_modules\\express\\lib\\router\\route.js:149:13)\n    at middleware (C:\\Users\\anura\\Downloads\\payment-gateway-clone\\backend\\node_modules\\express-validator\\lib\\middlewares\\check.js:16:13)\n    at process.processTicksAndRejections (node:internal/process/task_queues:103:5)","statusCode":400,"timestamp":"2026-02-26 13:57:30"}
{"level":"info","message":"🚀 Server running on port 5000","service":"payment-gateway","timestamp":"2026-02-27 00:28:29"}
{"level":"info","message":"MongoDB Connected: ac-sh9snzj-shard-00-02.1upoidh.mongodb.net","service":"payment-gateway","timestamp":"2026-02-27 00:28:29"}
{"level":"info","message":"User logged in: user@paygateway.io","service":"payment-gateway","timestamp":"2026-02-27 00:29:17"}
{"level":"info","message":"User logged in: admin@paygateway.io","service":"payment-gateway","timestamp":"2026-02-27 00:30:06"}
{"level":"info","message":"New user registered: anuragverma4895@gmail.com","service":"payment-gateway","timestamp":"2026-02-27 00:35:21"}
{"level":"info","message":"🚀 Server running on port 5000","service":"payment-gateway","timestamp":"2026-04-29 18:07:26"}
{"level":"info","message":"MongoDB Connected: ac-sh9snzj-shard-00-00.1upoidh.mongodb.net","service":"payment-gateway","timestamp":"2026-04-29 18:07:26"}
{"level":"info","message":"User logged in: user@paygateway.io","service":"payment-gateway","timestamp":"2026-04-29 18:40:04"}
{"level":"info","message":"User logged in: admin@paygateway.io","service":"payment-gateway","timestamp":"2026-04-29 18:41:25"}
{"level":"info","message":"Server running on port 5000","service":"payment-gateway","timestamp":"2026-09-02 23:15:12"}
{"level":"info","message":"MongoDB Connected: ac-sh9snzj-shard-00-00.1upoidh.mongodb.net","service":"payment-gateway","timestamp":"2026-09-02 23:15:13"}
{"level":"info","message":"New user registered: test_recovery_1788371185476@test.com","service":"payment-gateway","timestamp":"2026-09-02 23:16:26"}
{"level":"info","message":"User logged in: test_recovery_1788371185476@test.com","service":"payment-gateway","timestamp":"2026-09-02 23:16:27"}
{"level":"debug","message":"Card payment processed for order ORD_12A731040AD845B6 | Success: true | Duration: 2648ms","service":"payment-gateway","timestamp":"2026-09-02 23:16:30"}
{"event":"payment.success","level":"info","message":"[WEBHOOK] Simulating delivery for payment PAY_C169A31620BC4B4C","service":"payment-gateway","signature":"027c937fbe393f54...","timestamp":"2026-09-02 23:16:32"}
{"level":"debug","message":"Card payment processed for order ORD_C8B3F5CB98E34EB2 | Success: true | Duration: 2627ms","service":"payment-gateway","timestamp":"2026-09-02 23:16:33"}
{"event":"payment.success","level":"info","message":"[WEBHOOK] Simulating delivery for payment PAY_882D8AD1AEF743F5","service":"payment-gateway","signature":"66e1e91facd70d28...","timestamp":"2026-09-02 23:16:35"}
{"level":"debug","message":"Card payment processed for order ORD_850ECA7F6A3B470D | Success: true | Duration: 2937ms","service":"payment-gateway","timestamp":"2026-09-02 23:16:37"}
{"ip":"::1","level":"warn","message":"Internal API request received without API key","path":"/retry-payment","service":"payment-gateway","timestamp":"2026-09-02 23:16:37"}
{"ip":"::1","level":"error","message":"Internal API key is required.","method":"POST","path":"/api/internal/retry-payment","service":"payment-gateway","stack":"Error: Internal API key is required.\n    at exports.internalAuth (C:\\Users\\anura\\Downloads\\Project\\payment-processing-system\\backend\\middlewares\\internalAuth.js:23:17)\n    at newFn (C:\\Users\\anura\\Downloads\\Project\\payment-processing-system\\backend\\node_modules\\express-async-errors\\index.js:16:20)\n    at Layer.handle [as handle_request] (C:\\Users\\anura\\Downloads\\Project\\payment-processing-system\\backend\\node_modules\\express\\lib\\router\\layer.js:95:5)\n    at trim_prefix (C:\\Users\\anura\\Downloads\\Project\\payment-processing-system\\backend\\node_modules\\express\\lib\\router\\index.js:328:13)\n    at C:\\Users\\anura\\Downloads\\Project\\payment-processing-system\\backend\\node_modules\\express\\lib\\router\\index.js:286:9\n    at router.process_params (C:\\Users\\anura\\Downloads\\Project\\payment-processing-system\\backend\\node_modules\\express\\lib\\router\\index.js:346:12)\n    at next (C:\\Users\\anura\\Downloads\\Project\\payment-processing-system\\backend\\node_modules\\express\\lib\\router\\index.js:280:10)\n    at router.handle (C:\\Users\\anura\\Downloads\\Project\\payment-processing-system\\backend\\node_modules\\express\\lib\\router\\index.js:175:3)\n    at router (C:\\Users\\anura\\Downloads\\Project\\payment-processing-system\\backend\\node_modules\\express\\lib\\router\\index.js:47:12)\n    at newFn (C:\\Users\\anura\\Downloads\\Project\\payment-processing-system\\backend\\node_modules\\express-async-errors\\index.js:16:20)","statusCode":401,"timestamp":"2026-09-02 23:16:37"}
{"ip":"::1","level":"warn","message":"Internal API request received with invalid API key","path":"/retry-payment","service":"payment-gateway","timestamp":"2026-09-02 23:16:37"}
{"ip":"::1","level":"error","message":"Invalid internal API key.","method":"POST","path":"/api/internal/retry-payment","service":"payment-gateway","stack":"Error: Invalid internal API key.\n    at exports.internalAuth (C:\\Users\\anura\\Downloads\\Project\\payment-processing-system\\backend\\middlewares\\internalAuth.js:40:17)\n    at newFn (C:\\Users\\anura\\Downloads\\Project\\payment-processing-system\\backend\\node_modules\\express-async-errors\\index.js:16:20)\n    at Layer.handle [as handle_request] (C:\\Users\\anura\\Downloads\\Project\\payment-processing-system\\backend\\node_modules\\express\\lib\\router\\layer.js:95:5)\n    at trim_prefix (C:\\Users\\anura\\Downloads\\Project\\payment-processing-system\\backend\\node_modules\\express\\lib\\router\\index.js:328:13)\n    at C:\\Users\\anura\\Downloads\\Project\\payment-processing-system\\backend\\node_modules\\express\\lib\\router\\index.js:286:9\n    at router.process_params (C:\\Users\\anura\\Downloads\\Project\\payment-processing-system\\backend\\node_modules\\express\\lib\\router\\index.js:346:12)\n    at next (C:\\Users\\anura\\Downloads\\Project\\payment-processing-system\\backend\\node_modules\\express\\lib\\router\\index.js:280:10)\n    at router.handle (C:\\Users\\anura\\Downloads\\Project\\payment-processing-system\\backend\\node_modules\\express\\lib\\router\\index.js:175:3)\n    at router (C:\\Users\\anura\\Downloads\\Project\\payment-processing-system\\backend\\node_modules\\express\\lib\\router\\index.js:47:12)\n    at newFn (C:\\Users\\anura\\Downloads\\Project\\payment-processing-system\\backend\\node_modules\\express-async-errors\\index.js:16:20)","statusCode":403,"timestamp":"2026-09-02 23:16:37"}
{"event":"payment.success","level":"info","message":"[WEBHOOK] Simulating delivery for payment PAY_F262135B91FD4F34","service":"payment-gateway","signature":"f0b1c21cea13a35e...","timestamp":"2026-09-02 23:16:38"}
{"level":"debug","message":"Card payment processed for order ORD_5EE307DC8314428B | Success: false | Duration: 1717ms","service":"payment-gateway","timestamp":"2026-09-02 23:16:39"}
{"event":"payment.failed","level":"info","message":"[WEBHOOK] Simulating delivery for payment PAY_38A09495D59B4D74","service":"payment-gateway","signature":"048f807093792670...","timestamp":"2026-09-02 23:16:41"}
{"level":"debug","message":"Card payment processed for order ORD_5EE307DC8314428B | Success: true | Duration: 1957ms","service":"payment-gateway","timestamp":"2026-09-02 23:16:42"}
{"event":"payment.success","level":"info","message":"[WEBHOOK] Simulating delivery for payment PAY_C0953D3866DF407D","service":"payment-gateway","signature":"845419cc2a6f4d8f...","timestamp":"2026-09-02 23:16:43"}
{"level":"debug","message":"UPI payment processed for order ORD_E87C277F5A194A4B | VPA: test@upi | Success: true","service":"payment-gateway","timestamp":"2026-09-02 23:16:44"}
{"event":"payment.success","level":"info","message":"[WEBHOOK] Simulating delivery for payment PAY_A6B76C9B2E9944A8","service":"payment-gateway","signature":"0687e4f11ff04819...","timestamp":"2026-09-02 23:16:45"}
{"level":"info","message":"Server running on port 5000","service":"payment-gateway","timestamp":"2026-09-02 23:57:44"}
{"level":"info","message":"MongoDB Connected: ac-sh9snzj-shard-00-00.1upoidh.mongodb.net","service":"payment-gateway","timestamp":"2026-09-02 23:57:45"}
{"ip":"::1","level":"error","message":"Order not found.","method":"POST","path":"/api/internal/retry-payment","service":"payment-gateway","stack":"Error: Order not found.\n    at exports.retryPayment (C:\\Users\\anura\\Downloads\\Project\\payment-processing-system\\backend\\controllers\\internalController.js:35:17)\n    at process.processTicksAndRejections (node:internal/process/task_queues:103:5)","statusCode":404,"timestamp":"2026-09-03 00:00:37"}
{"level":"info","message":"Server running on port 5000","service":"payment-gateway","timestamp":"2026-09-03 00:06:31"}
{"level":"info","message":"MongoDB Connected: ac-sh9snzj-shard-00-00.1upoidh.mongodb.net","service":"payment-gateway","timestamp":"2026-09-03 00:06:32"}
{"level":"info","message":"Server running on port 5000","service":"payment-gateway","timestamp":"2026-09-03 10:15:12"}
{"level":"info","message":"MongoDB Connected: ac-sh9snzj-shard-00-00.1upoidh.mongodb.net","service":"payment-gateway","timestamp":"2026-09-03 10:15:13"}
{"level":"warn","message":"MongoDB disconnected. Attempting reconnect...","service":"payment-gateway","timestamp":"2026-09-03 10:48:11"}
{"level":"warn","message":"MongoDB disconnected. Attempting reconnect...","service":"payment-gateway","timestamp":"2026-09-03 12:41:27"}
